2025-08-11 23:18:08 [DEBUG] __init__.py:342:wrapper - matplotlib data path: /Users/dacdi_privat/PycharmProjects/HydroAlert/.venv/lib/python3.11/site-packages/matplotlib/mpl-data
2025-08-11 23:18:08 [DEBUG] __init__.py:342:wrapper - CONFIGDIR=/Users/dacdi_privat/.matplotlib
2025-08-11 23:18:08 [DEBUG] __init__.py:1557:<module> - interactive is False
2025-08-11 23:18:08 [DEBUG] __init__.py:1558:<module> - platform is darwin
2025-08-11 23:18:08 [DEBUG] __init__.py:342:wrapper - CACHEDIR=/Users/dacdi_privat/.matplotlib
2025-08-11 23:18:08 [DEBUG] font_manager.py:1635:_load_fontmanager - Using fontManager instance from /Users/dacdi_privat/.matplotlib/fontlist-v390.json
2025-08-11 23:18:08 [INFO] main.py:78:main - ▶️ Starte HydroAlert – Command: generate-cache
2025-08-11 23:18:08 [DEBUG] main.py:79:main - 📊 CLI Argumente: {'command': 'generate-cache', 'lat': 50.0, 'lon': 8.1, 'radius_m': 300.0, 'sample_m': 5.0, 'layers': None}
2025-08-11 23:18:08 [INFO] cache_generation_service.py:99:generate_cache_for_location - 🗂️ Cache-Ordner: data/cache/lat50.00_lon8.10
2025-08-11 23:18:08 [DEBUG] cache_generation_service.py:76:_load_meta_file - 🧭 meta.json geladen: bbox_utm=(433500, 5537018, 437500, 5541018), raster_size=(2000, 2000)
2025-08-11 23:18:08 [INFO] cache_generation_service.py:21:_prepare_street_graph - 📍 Ort: lat=50.000000, lon=8.100000, radius=300.0 m
2025-08-11 23:18:09 [INFO] cache_generation_service.py:114:generate_cache_for_location - 🔄 Layer: Wassertiefe_SRI7_1h  |  PNG: data/cache/lat50.00_lon8.10/Wassertiefe_SRI7_1h.png
2025-08-11 23:18:09 [DEBUG] PngImagePlugin.py:201:call - STREAM b'IHDR' 16 13
2025-08-11 23:18:09 [DEBUG] PngImagePlugin.py:201:call - STREAM b'PLTE' 41 27
2025-08-11 23:18:09 [DEBUG] PngImagePlugin.py:201:call - STREAM b'IDAT' 80 65556
2025-08-11 23:18:09 [INFO] flood_overlay.py:109:detect_street_depths - 🔹 Detektierte Tiefen für 0 Straßen
2025-08-11 23:18:09 [INFO] cache_store.py:15:write_depths_csv - ✅ CSV-Cache geschrieben: data/cache/lat50.00_lon8.10/flood_Wassertiefe_SRI7_1h.csv
2025-08-11 23:18:09 [INFO] cache_store.py:41:write_depths_kml - ✅ KML-Cache geschrieben: data/cache/lat50.00_lon8.10/flood_Wassertiefe_SRI7_1h.kml
2025-08-11 23:18:09 [INFO] cache_generation_service.py:114:generate_cache_for_location - 🔄 Layer: Wassertiefe_SRI10_1h  |  PNG: data/cache/lat50.00_lon8.10/Wassertiefe_SRI10_1h.png
2025-08-11 23:18:09 [DEBUG] PngImagePlugin.py:201:call - STREAM b'IHDR' 16 13
2025-08-11 23:18:09 [DEBUG] PngImagePlugin.py:201:call - STREAM b'PLTE' 41 27
2025-08-11 23:18:09 [DEBUG] PngImagePlugin.py:201:call - STREAM b'IDAT' 80 65556
2025-08-11 23:18:09 [INFO] flood_overlay.py:109:detect_street_depths - 🔹 Detektierte Tiefen für 0 Straßen
2025-08-11 23:18:09 [INFO] cache_store.py:15:write_depths_csv - ✅ CSV-Cache geschrieben: data/cache/lat50.00_lon8.10/flood_Wassertiefe_SRI10_1h.csv
2025-08-11 23:18:09 [INFO] cache_store.py:41:write_depths_kml - ✅ KML-Cache geschrieben: data/cache/lat50.00_lon8.10/flood_Wassertiefe_SRI10_1h.kml
2025-08-11 23:18:09 [INFO] cache_generation_service.py:114:generate_cache_for_location - 🔄 Layer: Wassertiefe_SRI10_4h  |  PNG: data/cache/lat50.00_lon8.10/Wassertiefe_SRI10_4h.png
2025-08-11 23:18:09 [DEBUG] PngImagePlugin.py:201:call - STREAM b'IHDR' 16 13
2025-08-11 23:18:09 [DEBUG] PngImagePlugin.py:201:call - STREAM b'PLTE' 41 27
2025-08-11 23:18:09 [DEBUG] PngImagePlugin.py:201:call - STREAM b'IDAT' 80 65556
2025-08-11 23:18:09 [INFO] flood_overlay.py:109:detect_street_depths - 🔹 Detektierte Tiefen für 0 Straßen
2025-08-11 23:18:09 [INFO] cache_store.py:15:write_depths_csv - ✅ CSV-Cache geschrieben: data/cache/lat50.00_lon8.10/flood_Wassertiefe_SRI10_4h.csv
2025-08-11 23:18:09 [INFO] cache_store.py:41:write_depths_kml - ✅ KML-Cache geschrieben: data/cache/lat50.00_lon8.10/flood_Wassertiefe_SRI10_4h.kml
2025-08-11 23:18:09 [INFO] cache_generation_service.py:130:generate_cache_for_location - ✅ Generate-Cache fertig: {'Wassertiefe_SRI7_1h': 'empty', 'Wassertiefe_SRI10_1h': 'empty', 'Wassertiefe_SRI10_4h': 'empty'}
2025-08-11 23:18:09 [INFO] generate_cache.py:26:run_generate_cache_use_case - Ergebnis: {'Wassertiefe_SRI7_1h': 'empty', 'Wassertiefe_SRI10_1h': 'empty', 'Wassertiefe_SRI10_4h': 'empty'}
